// Jest Snapshot v1, https://goo.gl/fbAQLP

exports[`relative-import-with-builtin-substring.ts - typescript-verify: relative-import-with-builtin-substring.ts 1`] = `
import foo from './constants/foo';
import thirdParty from 'third-party';
~~~~~~~~~~~~~~~~~~~~~~~~~~~~~~~~~~~~~~~~~~~~~~~~~~~~~~~~~~~~~~~~~~~~~~~~~~~~~~~~
import thirdParty from "third-party";
import foo from "./constants/foo";

`;
